Microchip MPLAB XC8 Compiler V1.34 ()

Linker command line:

--edf=/opt/microchip/xc8/v1.34/dat/en_msgs.txt -cs \
  -h+dist/default/debug/LedStrip.X.debug.sym \
  --cmf=dist/default/debug/LedStrip.X.debug.cmf -z -Q18F26K80 \
  -o/tmp/cgtbO7jow -Mdist/default/debug/LedStrip.X.debug.map -E1 -ver=XC8 \
  -ASTACK=03C8h-0e40h -pstack=STACK -ACODE=00h-0FFFFh -ACONST=00h-0FFFFh \
  -ASMALLCONST=0F00h-0FFFhx241 -AMEDIUMCONST=0F00h-0FFFFh -ACOMRAM=01h-05Fh \
  -AABS1=00h-0E40h -ABIGRAM=01h-0E40h \
  -ARAM=060h-0FFh,0100h-01FFhx13,0E00h-0E40h -ABANK0=060h-0FFh \
  -ABANK1=0100h-01FFh -ABANK2=0200h-02FFh -ABANK3=0300h-03FFh \
  -ABANK4=0400h-04FFh -ABANK5=0500h-05FFh -ABANK6=0600h-06FFh \
  -ABANK7=0700h-07FFh -ABANK8=0800h-08FFh -ABANK9=0900h-09FFh \
  -ABANK10=0A00h-0AFFh -ABANK11=0B00h-0BFFh -ABANK12=0C00h-0CFFh \
  -ABANK13=0D00h-0DFFh -ABANK14=0E00h-0E40h \
  -ASFR=0E41h-0EFFh,0F00h-0F5Fh,0F60h-0FFCh \
  -preset_vec=00h,intcode=08h,intcodelo=018h,powerup,init,end_init \
  -pramtop=0F00h -psmallconst=SMALLCONST -pmediumconst=MEDIUMCONST \
  -pconst=CONST -AFARRAM=00h-00h -ACONFIG=0300000h-030000Dh -pconfig=CONFIG \
  -AIDLOC=0200000h-0200007h -pidloc=IDLOC -AEEDATA=0F00000h-0F003FFh \
  -peeprom_data=EEDATA \
  -prdata=COMRAM,nvrram=COMRAM,nvbit=COMRAM,rbss=COMRAM,rbit=COMRAM \
  -pfarbss=FARRAM,fardata=FARRAM,nvFARRAM=FARRAM \
  -pintsave_regs=BIGRAM,bigbss=BIGRAM,bigdata=BIGRAM -pbss=RAM \
  -pidata=CODE,irdata=CODE,ibigdata=CODE,ifardata=CODE -prparam=COMRAM \
  /tmp/cgtSgdNHk.obj dist/default/debug/LedStrip.X.debug.obj 

Object code version is 3.11

Machine type is 18F26K80

Call graph: (short form)




                Name                               Link     Load   Length Selector   Space Scale
/tmp/cgtSgdNHk.obj
                end_init                             B0       B0        4        C       0
                reset_vec                             0        0        6        0       0
                idloc                            200000   200000        8   200000       0
                config                           300000   300000        E   300000       0
dist/default/debug/LedStrip.X.debug.obj
                intcodelo                            18       18       98        C       0
                intcode                               8        8       10        4       0
                text19                              E72      E72       28        C       0
                text18                              E9A      E9A       22        C       0
                text17                              ADE      ADE       D4        C       0
                intcode_body                        4A8      4A8      156        C       0
                text14                              9D6      9D6      108        C       0
                text13                              750      750      152        C       0
                text12                              8A2      8A2      134        C       0
                text11                              5FE      5FE      152        C       0
                text10                              E1E      E1E       2C        C       0
                text9                               DF2      DF2       2C        C       0
                text8                               EBC      EBC       1C        C       0
                text7                               E4A      E4A       28        C       0
                text6                               D5A      D5A       52        C       0
                text5                               ED8      ED8       16        C       0
                text4                               EEE      EEE       12        C       0
                text3                               BB2      BB2       B8        C       0
                text2                               C6A      C6A       94        C       0
                text1                               CFE      CFE       5C        C       0
                cstackCOMRAM                          1        1       2B        1       1
                cstackBANK0                          60       60       5F       60       1
                bssBANK3                            300      300       C8      300       1
                bssBANK2                            200      200       C8      200       1
                bssBANK1                            100      100       C8      100       1
                bssBANK0                             BF       BF       10       60       1
                bssCOMRAM                            2C       2C       16        1       1
                cinit                               DAC      DAC       46        C       0
                text0                                B4       B4      3F4        C       0

TOTAL           Name                               Link     Load   Length     Space
        CLASS   STACK          

        CLASS   CODE           
                end_init                             B0       B0        4         0
                intcodelo                            18       18       98         0
                intcode                               8        8       10         0
                reset_vec                             0        0        6         0
                text19                              E72      E72       28         0
                text18                              E9A      E9A       22         0
                text17                              ADE      ADE       D4         0
                intcode_body                        4A8      4A8      156         0
                text14                              9D6      9D6      108         0
                text13                              750      750      152         0
                text12                              8A2      8A2      134         0
                text11                              5FE      5FE      152         0
                text10                              E1E      E1E       2C         0
                text9                               DF2      DF2       2C         0
                text8                               EBC      EBC       1C         0
                text7                               E4A      E4A       28         0
                text6                               D5A      D5A       52         0
                text5                               ED8      ED8       16         0
                text4                               EEE      EEE       12         0
                text3                               BB2      BB2       B8         0
                text2                               C6A      C6A       94         0
                text1                               CFE      CFE       5C         0
                cinit                               DAC      DAC       46         0
                text0                                B4       B4      3F4         0

        CLASS   CONST          

        CLASS   SMALLCONST     

        CLASS   MEDIUMCONST    

        CLASS   COMRAM         
                cstackCOMRAM                          1        1       2B         1
                bssCOMRAM                            2C       2C       16         1

        CLASS   ABS1           

        CLASS   BIGRAM         

        CLASS   RAM            

        CLASS   BANK0          
                cstackBANK0                          60       60       5F         1
                bssBANK0                             BF       BF       10         1

        CLASS   BANK1          
                bssBANK1                            100      100       C8         1

        CLASS   BANK2          
                bssBANK2                            200      200       C8         1

        CLASS   BANK3          
                bssBANK3                            300      300       C8         1

        CLASS   BANK4          

        CLASS   BANK5          

        CLASS   BANK6          

        CLASS   BANK7          

        CLASS   BANK8          

        CLASS   BANK9          

        CLASS   BANK10         

        CLASS   BANK11         

        CLASS   BANK12         

        CLASS   BANK13         

        CLASS   BANK14         

        CLASS   SFR            

        CLASS   FARRAM         

        CLASS   CONFIG         
                config                           300000   300000        E         0

        CLASS   IDLOC          
                idloc                            200000   200000        8         0

        CLASS   EEDATA         



SEGMENTS        Name                           Load    Length   Top    Selector   Space  Class

                reset_vec                      000000  000006  000006         0       0  CODE    
                cstackCOMRAM                   000001  000041  000042         1       1  COMRAM  
                intcode                        000008  000010  000018         4       0  CODE    
                intcodelo                      000018  000EE8  000F00         C       0  CODE    
                cstackBANK0                    000060  00006F  0000CF        60       1  BANK0   
                bssBANK1                       000100  0000C8  0001C8       100       1  BANK1   
                bssBANK2                       000200  0000C8  0002C8       200       1  BANK2   
                bssBANK3                       000300  0000C8  0003C8       300       1  BANK3   
                idloc                          200000  000008  200008    200000       0  IDLOC   
                config                         300000  00000E  30000E    300000       0  CONFIG  


UNUSED ADDRESS RANGES

        Name                Unused          Largest block    Delta
        BANK0            0000CF-0000FF               31
        BANK1            0001C8-0001FF               38
        BANK10           000A00-000AFF              100
        BANK11           000B00-000BFF              100
        BANK12           000C00-000CFF              100
        BANK13           000D00-000DFF              100
        BANK14           000E00-000E40               41
        BANK2            0002C8-0002FF               38
        BANK3            0003C8-0003FF               38
        BANK4            000400-0004FF              100
        BANK5            000500-0005FF              100
        BANK6            000600-0006FF              100
        BANK7            000700-0007FF              100
        BANK8            000800-0008FF              100
        BANK9            000900-0009FF              100
        BIGRAM           000042-00005F               1E
                         0000CF-0000FF               31
                         0001C8-0001FF               38
                         0002C8-0002FF               38
                         0003C8-000E40              A79
        CODE             000006-000007                2
                         000F00-00FFFF             F100
        COMRAM           000042-00005F               1E
        CONST            000006-000007                2
                         000F00-00FFFF             F100
        EEDATA           F00000-F003FF              400
        MEDIUMCONST      000F00-00FFFF             F100
        RAM              0000CF-0000FF               31
                         0001C8-0001FF               38
                         0002C8-0002FF               38
                         0003C8-000E40              100
        SFR              000E41-000FFC               BF
        SMALLCONST       000F00-00FFFF              100
        STACK            0003C8-000E40              A79

                                  Symbol Table

?___awdiv                cstackBANK0  000071
?___ftdiv                cstackBANK0  00007F
?___ftmul                cstackBANK0  000079
?___ftpack               cstackBANK0  000071
?___fttol                cstackBANK0  00008E
?___lbtoft               cstackBANK0  000076
?___lwtoft               cstackBANK0  000076
?___wmul                 cstackCOMRAM 000001
?_atoi                   cstackCOMRAM 000007
?_readADC                cstackCOMRAM 00001E
RX2_ISR@F19163           bssCOMRAM    00002C
RX2_ISR@buffer           bssCOMRAM    000032
RX2_ISR@compteur         bssCOMRAM    00002E
RX2_ISR@input            cstackCOMRAM 00001C
_ADON                    (abs)        007E10
_ADRESH                  (abs)        000FC4
_ADRESL                  (abs)        000FC3
_ANSEL1                  (abs)        007AE9
_ANSEL2                  (abs)        007AEA
_ANSEL3                  (abs)        007AEB
_B                       bssBANK3     000300
_BAUDCON2                (abs)        000FB9
_CCP2M2                  (abs)        007A82
_CCP2M3                  (abs)        007A83
_CCP3M2                  (abs)        007A6A
_CCP3M3                  (abs)        007A6B
_CCP4M2                  (abs)        007A52
_CCP4M3                  (abs)        007A53
_CCPR2L                  (abs)        000F51
_CCPR3L                  (abs)        000F4E
_CCPR4L                  (abs)        000F4B
_CHS0                    (abs)        007E12
_CHS1                    (abs)        007E13
_DC2B0                   (abs)        007A84
_DC2B1                   (abs)        007A85
_DC3B0                   (abs)        007A6C
_DC3B1                   (abs)        007A6D
_DC4B0                   (abs)        007A54
_DC4B1                   (abs)        007A55
_G                       bssBANK2     000200
_GIE                     (abs)        007F97
_GO_nDONE                (abs)        007E11
_INTCONbits              (abs)        000FF2
_PEIE                    (abs)        007F96
_PIE3bits                (abs)        000FA3
_PIR3bits                (abs)        000FA4
_PR2                     (abs)        000FCB
_PSA                     (abs)        007EAB
_R                       bssBANK1     000100
_RC0                     (abs)        007C10
_RC2IF                   (abs)        007D25
_RCONbits                (abs)        000FD0
_RCREG2                  (abs)        000F7A
_RCSTA2bits              (abs)        000FA6
_RX2_ISR                 intcode      000008
_SPBRG2                  (abs)        000F7B
_SPBRGH2                 (abs)        000F7C
_T08BIT                  (abs)        007EAE
_T0CS                    (abs)        007EAD
_T0IE                    (abs)        007F95
_T0IF                    (abs)        007F92
_T0PS0                   (abs)        007EA8
_T0PS1                   (abs)        007EA9
_T0PS2                   (abs)        007EAA
_T2CKPS0                 (abs)        007E50
_T2CKPS1                 (abs)        007E51
_TMR0IE                  (abs)        007F95
_TMR0IP                  (abs)        007F8A
_TMR2ON                  (abs)        007E52
_TRIGSEL0                (abs)        007E0E
_TRIGSEL1                (abs)        007E0F
_TRISBbits               (abs)        000F93
_TRISC                   (abs)        000F94
_TXREG2                  (abs)        000F79
_TXSTA2bits              (abs)        000FBA
_Timer0_ISR              intcodelo    000018
_VCFG0                   (abs)        007E0C
_VCFG1                   (abs)        007E0D
_VNCFG                   (abs)        007E0B
__CFG_BBSIZ$BB2K         (abs)        000000
__CFG_BOREN$SBORDIS      (abs)        000000
__CFG_BORPWR$ZPBORMV     (abs)        000000
__CFG_BORV$3             (abs)        000000
__CFG_CANMX$PORTB        (abs)        000000
__CFG_CP0$OFF            (abs)        000000
__CFG_CP1$OFF            (abs)        000000
__CFG_CP2$OFF            (abs)        000000
__CFG_CP3$OFF            (abs)        000000
__CFG_CPB$OFF            (abs)        000000
__CFG_CPD$OFF            (abs)        000000
__CFG_EBTR0$OFF          (abs)        000000
__CFG_EBTR1$OFF          (abs)        000000
__CFG_EBTR2$OFF          (abs)        000000
__CFG_EBTR3$OFF          (abs)        000000
__CFG_EBTRB$OFF          (abs)        000000
__CFG_FCMEN$OFF          (abs)        000000
__CFG_FOSC$INTIO2        (abs)        000000
__CFG_IESO$OFF           (abs)        000000
__CFG_INTOSCSEL$HIGH     (abs)        000000
__CFG_MCLRE$OFF          (abs)        000000
__CFG_MSSPMSK$MSK7       (abs)        000000
__CFG_PLLCFG$OFF         (abs)        000000
__CFG_PWRTEN$OFF         (abs)        000000
__CFG_RETEN$OFF          (abs)        000000
__CFG_SOSCSEL$DIG        (abs)        000000
__CFG_STVREN$ON          (abs)        000000
__CFG_WDTEN$OFF          (abs)        000000
__CFG_WDTPS$1048576      (abs)        000000
__CFG_WRT0$OFF           (abs)        000000
__CFG_WRT1$OFF           (abs)        000000
__CFG_WRT2$OFF           (abs)        000000
__CFG_WRT3$OFF           (abs)        000000
__CFG_WRTB$OFF           (abs)        000000
__CFG_WRTC$OFF           (abs)        000000
__CFG_WRTD$OFF           (abs)        000000
__CFG_XINST$OFF          (abs)        000000
__HRAM                   (abs)        000000
__Habs1                  abs1         000000
__Hbank0                 bank0        000000
__Hbank1                 bank1        000000
__Hbank10                bank10       000000
__Hbank11                bank11       000000
__Hbank12                bank12       000000
__Hbank13                bank13       000000
__Hbank14                bank14       000000
__Hbank2                 bank2        000000
__Hbank3                 bank3        000000
__Hbank4                 bank4        000000
__Hbank5                 bank5        000000
__Hbank6                 bank6        000000
__Hbank7                 bank7        000000
__Hbank8                 bank8        000000
__Hbank9                 bank9        000000
__Hbigbss                bigbss       000000
__Hbigdata               bigdata      000000
__Hbigram                bigram       000000
__Hbss                   bss          000000
__HbssBANK0              bssBANK0     000000
__HbssBANK1              bssBANK1     000000
__HbssBANK2              bssBANK2     000000
__HbssBANK3              bssBANK3     000000
__HbssCOMRAM             bssCOMRAM    000000
__Hcinit                 cinit        000000
__Hclrtext               clrtext      000000
__Hcomram                comram       000000
__Hconfig                config       30000E
__Hconst                 const        000000
__HcstackBANK0           cstackBANK0  000000
__HcstackCOMRAM          cstackCOMRAM 000000
__Hdata                  data         000000
__Heeprom_data           eeprom_data  000000
__Hend_init              end_init     0000B4
__Hfarbss                farbss       000000
__Hfardata               fardata      000000
__Hibigdata              ibigdata     000000
__Hidata                 idata        000000
__Hidloc                 idloc        200008
__Hifardata              ifardata     000000
__Hinit                  init         0000B0
__Hintcode               intcode      000018
__Hintcode_body          intcode_body 000000
__Hintcodelo             intcodelo    0000B0
__Hintentry              intentry     000000
__Hintret                intret       000000
__Hintsave_regs          intsave_regs 000000
__Hirdata                irdata       000000
__Hmediumconst           mediumconst  000000
__HnvFARRAM              nvFARRAM     000000
__Hnvbit                 nvbit        000000
__Hnvrram                nvrram       000000
__Hparam                 rparam       000000
__Hpowerup               powerup      0000B0
__Hram                   ram          000000
__Hramtop                ramtop       000F00
__Hrbit                  rbit         000000
__Hrbss                  rbss         000000
__Hrdata                 rdata        000000
__Hreset_vec             reset_vec    000006
__Hrparam                rparam       000000
__Hsfr                   sfr          000000
__Hsmallconst            smallconst   000000
__Hspace_0               (abs)        30000E
__Hspace_1               (abs)        0003C8
__Hspace_2               (abs)        000000
__Hstack                 stack        000000
__Hstruct                struct       000000
__Htemp                  temp         000000
__Htext                  text         000000
__Htext0                 text0        000000
__Htext1                 text1        000000
__Htext10                text10       000000
__Htext11                text11       000000
__Htext12                text12       000000
__Htext13                text13       000000
__Htext14                text14       000000
__Htext17                text17       000000
__Htext18                text18       000000
__Htext19                text19       000000
__Htext2                 text2        000000
__Htext3                 text3        000000
__Htext4                 text4        000000
__Htext5                 text5        000000
__Htext6                 text6        000000
__Htext7                 text7        000000
__Htext8                 text8        000000
__Htext9                 text9        000000
__LRAM                   (abs)        000001
__Labs1                  abs1         000000
__Lbank0                 bank0        000000
__Lbank1                 bank1        000000
__Lbank10                bank10       000000
__Lbank11                bank11       000000
__Lbank12                bank12       000000
__Lbank13                bank13       000000
__Lbank14                bank14       000000
__Lbank2                 bank2        000000
__Lbank3                 bank3        000000
__Lbank4                 bank4        000000
__Lbank5                 bank5        000000
__Lbank6                 bank6        000000
__Lbank7                 bank7        000000
__Lbank8                 bank8        000000
__Lbank9                 bank9        000000
__Lbigbss                bigbss       000000
__Lbigdata               bigdata      000000
__Lbigram                bigram       000000
__Lbss                   bss          000000
__LbssBANK0              bssBANK0     000000
__LbssBANK1              bssBANK1     000000
__LbssBANK2              bssBANK2     000000
__LbssBANK3              bssBANK3     000000
__LbssCOMRAM             bssCOMRAM    000000
__Lcinit                 cinit        000000
__Lclrtext               clrtext      000000
__Lcomram                comram       000000
__Lconfig                config       300000
__Lconst                 const        000000
__LcstackBANK0           cstackBANK0  000000
__LcstackCOMRAM          cstackCOMRAM 000000
__Ldata                  data         000000
__Leeprom_data           eeprom_data  000000
__Lend_init              end_init     0000B0
__Lfarbss                farbss       000000
__Lfardata               fardata      000000
__Libigdata              ibigdata     000000
__Lidata                 idata        000000
__Lidloc                 idloc        200000
__Lifardata              ifardata     000000
__Linit                  init         0000B0
__Lintcode               intcode      000008
__Lintcode_body          intcode_body 000000
__Lintcodelo             intcodelo    000018
__Lintentry              intentry     000000
__Lintret                intret       000000
__Lintsave_regs          intsave_regs 000000
__Lirdata                irdata       000000
__Lmediumconst           mediumconst  000000
__LnvFARRAM              nvFARRAM     000000
__Lnvbit                 nvbit        000000
__Lnvrram                nvrram       000000
__Lparam                 rparam       000000
__Lpowerup               powerup      0000B0
__Lram                   ram          000000
__Lramtop                ramtop       000F00
__Lrbit                  rbit         000000
__Lrbss                  rbss         000000
__Lrdata                 rdata        000000
__Lreset_vec             reset_vec    000000
__Lrparam                rparam       000000
__Lsfr                   sfr          000000
__Lsmallconst            smallconst   000000
__Lspace_0               (abs)        000000
__Lspace_1               (abs)        000000
__Lspace_2               (abs)        000000
__Lstack                 stack        000000
__Lstruct                struct       000000
__Ltemp                  temp         000000
__Ltext                  text         000000
__Ltext0                 text0        000000
__Ltext1                 text1        000000
__Ltext10                text10       000000
__Ltext11                text11       000000
__Ltext12                text12       000000
__Ltext13                text13       000000
__Ltext14                text14       000000
__Ltext17                text17       000000
__Ltext18                text18       000000
__Ltext19                text19       000000
__Ltext2                 text2        000000
__Ltext3                 text3        000000
__Ltext4                 text4        000000
__Ltext5                 text5        000000
__Ltext6                 text6        000000
__Ltext7                 text7        000000
__Ltext8                 text8        000000
__Ltext9                 text9        000000
__S0                     (abs)        30000E
__S1                     (abs)        0003C8
__S2                     (abs)        000000
___awdiv                 text3        000BB2
___awdiv@counter         cstackCOMRAM 00001E
___awdiv@dividend        cstackBANK0  000071
___awdiv@divisor         cstackBANK0  000073
___awdiv@quotient        cstackCOMRAM 000020
___awdiv@sign            cstackCOMRAM 00001F
___ftdiv                 text13       000750
___ftdiv@cntr            cstackBANK0  000088
___ftdiv@exp             cstackBANK0  00008C
___ftdiv@f1              cstackBANK0  00007F
___ftdiv@f2              cstackBANK0  000082
___ftdiv@f3              cstackBANK0  000089
___ftdiv@sign            cstackBANK0  00008D
___ftmul                 text12       0008A2
___ftmul@cntr            cstackCOMRAM 000029
___ftmul@exp             cstackCOMRAM 000025
___ftmul@f1              cstackBANK0  000079
___ftmul@f2              cstackBANK0  00007C
___ftmul@f3_as_product   cstackCOMRAM 000026
___ftmul@sign            cstackCOMRAM 00002A
___ftpack                text14       0009D6
___ftpack@arg            cstackBANK0  000071
___ftpack@exp            cstackBANK0  000074
___ftpack@sign           cstackBANK0  000075
___fttol                 text11       0005FE
___fttol@exp1            cstackBANK0  00009C
___fttol@f1              cstackBANK0  00008E
___fttol@lval            cstackBANK0  000098
___fttol@sign1           cstackBANK0  000097
___inthi_sp              stack        000000
___intlo_sp              stack        000000
___lbtoft                text10       000E1E
___lbtoft@c              cstackCOMRAM 000021
___lwtoft                text9        000DF2
___lwtoft@c              cstackBANK0  000076
___param_bank            (abs)        000010
___rparam_used           (abs)        000001
___sp                    stack        000000
___wmul                  text19       000E72
___wmul@multiplicand     cstackCOMRAM 000003
___wmul@multiplier       cstackCOMRAM 000001
___wmul@product          cstackCOMRAM 000005
__accesstop              (abs)        000060
__activetblptr           (abs)        000002
__end_of_RX2_ISR         intcode_body 0005FE
__end_of_Timer0_ISR      intcodelo    0000B0
__end_of___awdiv         text3        000C6A
__end_of___ftdiv         text13       0008A2
__end_of___ftmul         text12       0009D6
__end_of___ftpack        text14       000ADE
__end_of___fttol         text11       000750
__end_of___lbtoft        text10       000E4A
__end_of___lwtoft        text9        000E1E
__end_of___wmul          text19       000E9A
__end_of__initialization cinit        000DE8
__end_of_atoi            text17       000BB2
__end_of_initADC         text8        000ED8
__end_of_initComms       text7        000E72
__end_of_initPWM         text6        000DAC
__end_of_initTimer0      text5        000EEE
__end_of_initialisation  text4        000F00
__end_of_isdigit         text18       000EBC
__end_of_main            text0        0004A8
__end_of_pwm             text2        000CFE
__end_of_readADC         text1        000D5A
__initialization         cinit        000DAC
__mediumconst            mediumconst  000000
__pbssBANK0              bssBANK0     0000BF
__pbssBANK1              bssBANK1     000100
__pbssBANK2              bssBANK2     000200
__pbssBANK3              bssBANK3     000300
__pbssCOMRAM             bssCOMRAM    00002C
__pcinit                 cinit        000DAC
__pcstackBANK0           cstackBANK0  000060
__pcstackCOMRAM          cstackCOMRAM 000001
__pintcode               intcode      000008
__pintcode_body          intcode_body 0004A8
__pintcodelo             intcodelo    000018
__ptext0                 text0        0000B4
__ptext1                 text1        000CFE
__ptext10                text10       000E1E
__ptext11                text11       0005FE
__ptext12                text12       0008A2
__ptext13                text13       000750
__ptext14                text14       0009D6
__ptext17                text17       000ADE
__ptext18                text18       000E9A
__ptext19                text19       000E72
__ptext2                 text2        000C6A
__ptext3                 text3        000BB2
__ptext4                 text4        000EEE
__ptext5                 text5        000ED8
__ptext6                 text6        000D5A
__ptext7                 text7        000E4A
__ptext8                 text8        000EBC
__ptext9                 text9        000DF2
__ramtop                 ramtop       000F00
__size_of_RX2_ISR        (abs)        000000
__size_of_Timer0_ISR     (abs)        000000
__size_of___awdiv        (abs)        000000
__size_of___ftdiv        (abs)        000000
__size_of___ftmul        (abs)        000000
__size_of___ftpack       (abs)        000000
__size_of___fttol        (abs)        000000
__size_of___lbtoft       (abs)        000000
__size_of___lwtoft       (abs)        000000
__size_of___wmul         (abs)        000000
__size_of_atoi           (abs)        000000
__size_of_initADC        (abs)        000000
__size_of_initComms      (abs)        000000
__size_of_initPWM        (abs)        000000
__size_of_initTimer0     (abs)        000000
__size_of_initialisation (abs)        000000
__size_of_isdigit        (abs)        000000
__size_of_main           (abs)        000000
__size_of_pwm            (abs)        000000
__size_of_readADC        (abs)        000000
__smallconst             smallconst   000000
_atoi                    text17       000ADE
_beginB                  bssCOMRAM    00002F
_beginG                  bssCOMRAM    000030
_beginR                  bssCOMRAM    000031
_initADC                 text8        000EBC
_initComms               text7        000E4A
_initPWM                 text6        000D5A
_initTimer0              text5        000ED8
_initialisation          text4        000EEE
_isdigit                 text18       000E9A
_isdigit$858             cstackCOMRAM 000002
_main                    text0        0000B4
_millis                  bssBANK0     0000CE
_pwm                     text2        000C6A
_readADC                 text1        000CFE
atoi@a                   cstackCOMRAM 00000C
atoi@s                   cstackCOMRAM 000007
atoi@sign                cstackCOMRAM 00000B
end_of_initialization    cinit        000DE8
int_func                 intcode_body 0004A8
intlevel0                text         000000
intlevel1                text         000000
intlevel2                text         000000
intlevel3                text         000000
isdigit@c                cstackCOMRAM 000003
main@F19169              bssBANK0     0000BF
main@amplitude1          cstackBANK0  0000B4
main@amplitude2          cstackBANK0  0000B6
main@amplitude3          cstackBANK0  0000B8
main@delay               cstackBANK0  0000BB
main@mode                cstackBANK0  0000BA
main@msg                 cstackBANK0  0000A4
main@old_SWITCH1         cstackBANK0  0000B3
pwm@color                cstackCOMRAM 00002B
pwm@dutycycle            cstackBANK0  00009D
readADC@channel          cstackCOMRAM 000022
readADC@tempo            cstackCOMRAM 000023
stackhi                  (abs)        000E40
stacklo                  (abs)        0003C8
start                    init         0000B0
start_initialization     cinit        000DAC


FUNCTION INFORMATION:

 *************** function _main *****************
 Defined at:
		line 157 in file "main.c"
 Parameters:    Size  Location     Type
  argc            2   63[BANK0 ] int 
  argv            3   65[BANK0 ] PTR PTR unsigned char 
 Auto vars:     Size  Location     Type
  msg            15   68[BANK0 ] unsigned char [15]
  delay           4   91[BANK0 ] long 
  amplitude3      2   88[BANK0 ] unsigned int 
  amplitude2      2   86[BANK0 ] unsigned int 
  amplitude1      2   84[BANK0 ] unsigned int 
  mode            1   90[BANK0 ] unsigned char 
  old_SWITCH1     1   83[BANK0 ] unsigned char 
 Return value:  Size  Location     Type
                  2   63[BANK0 ] int 
 Registers used:
		wreg, fsr1l, fsr1h, fsr2l, fsr2h, status,2, status,0, cstack
 Tracked objects:
		On entry : 
		On exit  : 
		Unchanged: 
 Data sizes:     COMRAM   BANK0   BANK1   BANK2   BANK3   BANK4   BANK5   BANK6   BANK7   BANK8   BANK9  BANK10  BANK11  BANK12  BANK13  BANK14
      Params:         0       5       0       0       0       0       0       0       0       0       0       0       0       0       0       0
      Locals:         0      27       0       0       0       0       0       0       0       0       0       0       0       0       0       0
      Temps:          0       0       0       0       0       0       0       0       0       0       0       0       0       0       0       0
      Totals:         0      32       0       0       0       0       0       0       0       0       0       0       0       0       0       0
Total ram usage:       32 bytes
 Hardware stack levels required when called:    6
 This function calls:
		___ftdiv
		___ftmul
		___fttol
		___lbtoft
		___lwtoft
		_initialisation
		_pwm
		_readADC
 This function is called by:
		Startup code after reset
 This function uses a non-reentrant model


 *************** function _readADC *****************
 Defined at:
		line 217 in file "main.c"
 Parameters:    Size  Location     Type
  channel         1    wreg     unsigned char 
 Auto vars:     Size  Location     Type
  channel         1   33[COMRAM] unsigned char 
  tempo           1   34[COMRAM] unsigned char 
 Return value:  Size  Location     Type
                  2   29[COMRAM] unsigned int 
 Registers used:
		wreg, status,2, status,0
 Tracked objects:
		On entry : 
		On exit  : 
		Unchanged: 
 Data sizes:     COMRAM   BANK0   BANK1   BANK2   BANK3   BANK4   BANK5   BANK6   BANK7   BANK8   BANK9  BANK10  BANK11  BANK12  BANK13  BANK14
      Params:         2       0       0       0       0       0       0       0       0       0       0       0       0       0       0       0
      Locals:         2       0       0       0       0       0       0       0       0       0       0       0       0       0       0       0
      Temps:          2       0       0       0       0       0       0       0       0       0       0       0       0       0       0       0
      Totals:         6       0       0       0       0       0       0       0       0       0       0       0       0       0       0       0
Total ram usage:        6 bytes
 Hardware stack levels used:    1
 Hardware stack levels required when called:    4
 This function calls:
		Nothing
 This function is called by:
		_main
 This function uses a non-reentrant model


 *************** function _pwm *****************
 Defined at:
		line 8 in file "converter.c"
 Parameters:    Size  Location     Type
  color           1    wreg     unsigned char 
  dutycycle       2   61[BANK0 ] int 
 Auto vars:     Size  Location     Type
  color           1   42[COMRAM] unsigned char 
 Return value:  Size  Location     Type
		None               void
 Registers used:
		wreg, status,2, status,0, cstack
 Tracked objects:
		On entry : 
		On exit  : 
		Unchanged: 
 Data sizes:     COMRAM   BANK0   BANK1   BANK2   BANK3   BANK4   BANK5   BANK6   BANK7   BANK8   BANK9  BANK10  BANK11  BANK12  BANK13  BANK14
      Params:         0       2       0       0       0       0       0       0       0       0       0       0       0       0       0       0
      Locals:         1       0       0       0       0       0       0       0       0       0       0       0       0       0       0       0
      Temps:          0       0       0       0       0       0       0       0       0       0       0       0       0       0       0       0
      Totals:         1       2       0       0       0       0       0       0       0       0       0       0       0       0       0       0
Total ram usage:        3 bytes
 Hardware stack levels used:    1
 Hardware stack levels required when called:    5
 This function calls:
		___awdiv
 This function is called by:
		_main
 This function uses a non-reentrant model


 *************** function ___awdiv *****************
 Defined at:
		line 8 in file "/opt/microchip/xc8/v1.34/sources/common/awdiv.c"
 Parameters:    Size  Location     Type
  dividend        2   17[BANK0 ] int 
  divisor         2   19[BANK0 ] int 
 Auto vars:     Size  Location     Type
  quotient        2   31[COMRAM] int 
  sign            1   30[COMRAM] unsigned char 
  counter         1   29[COMRAM] unsigned char 
 Return value:  Size  Location     Type
                  2   17[BANK0 ] int 
 Registers used:
		wreg, status,2, status,0
 Tracked objects:
		On entry : 
		On exit  : 
		Unchanged: 
 Data sizes:     COMRAM   BANK0   BANK1   BANK2   BANK3   BANK4   BANK5   BANK6   BANK7   BANK8   BANK9  BANK10  BANK11  BANK12  BANK13  BANK14
      Params:         0       4       0       0       0       0       0       0       0       0       0       0       0       0       0       0
      Locals:         4       0       0       0       0       0       0       0       0       0       0       0       0       0       0       0
      Temps:          0       0       0       0       0       0       0       0       0       0       0       0       0       0       0       0
      Totals:         4       4       0       0       0       0       0       0       0       0       0       0       0       0       0       0
Total ram usage:        8 bytes
 Hardware stack levels used:    1
 Hardware stack levels required when called:    4
 This function calls:
		Nothing
 This function is called by:
		_pwm
 This function uses a non-reentrant model


 *************** function _initialisation *****************
 Defined at:
		line 6 in file "init.c"
 Parameters:    Size  Location     Type
		None
 Auto vars:     Size  Location     Type
		None
 Return value:  Size  Location     Type
		None               void
 Registers used:
		wreg, status,2, status,0, cstack
 Tracked objects:
		On entry : 
		On exit  : 
		Unchanged: 
 Data sizes:     COMRAM   BANK0   BANK1   BANK2   BANK3   BANK4   BANK5   BANK6   BANK7   BANK8   BANK9  BANK10  BANK11  BANK12  BANK13  BANK14
      Params:         0       0       0       0       0       0       0       0       0       0       0       0       0       0       0       0
      Locals:         0       0       0       0       0       0       0       0       0       0       0       0       0       0       0       0
      Temps:          0       0       0       0       0       0       0       0       0       0       0       0       0       0       0       0
      Totals:         0       0       0       0       0       0       0       0       0       0       0       0       0       0       0       0
Total ram usage:        0 bytes
 Hardware stack levels used:    1
 Hardware stack levels required when called:    5
 This function calls:
		_initADC
		_initComms
		_initPWM
		_initTimer0
 This function is called by:
		_main
 This function uses a non-reentrant model


 *************** function _initTimer0 *****************
 Defined at:
		line 117 in file "init.c"
 Parameters:    Size  Location     Type
		None
 Auto vars:     Size  Location     Type
		None
 Return value:  Size  Location     Type
		None               void
 Registers used:
		None
 Tracked objects:
		On entry : 
		On exit  : 
		Unchanged: 
 Data sizes:     COMRAM   BANK0   BANK1   BANK2   BANK3   BANK4   BANK5   BANK6   BANK7   BANK8   BANK9  BANK10  BANK11  BANK12  BANK13  BANK14
      Params:         0       0       0       0       0       0       0       0       0       0       0       0       0       0       0       0
      Locals:         0       0       0       0       0       0       0       0       0       0       0       0       0       0       0       0
      Temps:          0       0       0       0       0       0       0       0       0       0       0       0       0       0       0       0
      Totals:         0       0       0       0       0       0       0       0       0       0       0       0       0       0       0       0
Total ram usage:        0 bytes
 Hardware stack levels used:    1
 Hardware stack levels required when called:    4
 This function calls:
		Nothing
 This function is called by:
		_initialisation
 This function uses a non-reentrant model


 *************** function _initPWM *****************
 Defined at:
		line 27 in file "init.c"
 Parameters:    Size  Location     Type
		None
 Auto vars:     Size  Location     Type
		None
 Return value:  Size  Location     Type
		None               void
 Registers used:
		wreg, status,2, status,0
 Tracked objects:
		On entry : 
		On exit  : 
		Unchanged: 
 Data sizes:     COMRAM   BANK0   BANK1   BANK2   BANK3   BANK4   BANK5   BANK6   BANK7   BANK8   BANK9  BANK10  BANK11  BANK12  BANK13  BANK14
      Params:         0       0       0       0       0       0       0       0       0       0       0       0       0       0       0       0
      Locals:         0       0       0       0       0       0       0       0       0       0       0       0       0       0       0       0
      Temps:          0       0       0       0       0       0       0       0       0       0       0       0       0       0       0       0
      Totals:         0       0       0       0       0       0       0       0       0       0       0       0       0       0       0       0
Total ram usage:        0 bytes
 Hardware stack levels used:    1
 Hardware stack levels required when called:    4
 This function calls:
		Nothing
 This function is called by:
		_initialisation
 This function uses a non-reentrant model


 *************** function _initComms *****************
 Defined at:
		line 69 in file "init.c"
 Parameters:    Size  Location     Type
		None
 Auto vars:     Size  Location     Type
		None
 Return value:  Size  Location     Type
		None               void
 Registers used:
		wreg, status,2
 Tracked objects:
		On entry : 
		On exit  : 
		Unchanged: 
 Data sizes:     COMRAM   BANK0   BANK1   BANK2   BANK3   BANK4   BANK5   BANK6   BANK7   BANK8   BANK9  BANK10  BANK11  BANK12  BANK13  BANK14
      Params:         0       0       0       0       0       0       0       0       0       0       0       0       0       0       0       0
      Locals:         0       0       0       0       0       0       0       0       0       0       0       0       0       0       0       0
      Temps:          0       0       0       0       0       0       0       0       0       0       0       0       0       0       0       0
      Totals:         0       0       0       0       0       0       0       0       0       0       0       0       0       0       0       0
Total ram usage:        0 bytes
 Hardware stack levels used:    1
 Hardware stack levels required when called:    4
 This function calls:
		Nothing
 This function is called by:
		_initialisation
 This function uses a non-reentrant model


 *************** function _initADC *****************
 Defined at:
		line 97 in file "init.c"
 Parameters:    Size  Location     Type
		None
 Auto vars:     Size  Location     Type
		None
 Return value:  Size  Location     Type
		None               void
 Registers used:
		None
 Tracked objects:
		On entry : 
		On exit  : 
		Unchanged: 
 Data sizes:     COMRAM   BANK0   BANK1   BANK2   BANK3   BANK4   BANK5   BANK6   BANK7   BANK8   BANK9  BANK10  BANK11  BANK12  BANK13  BANK14
      Params:         0       0       0       0       0       0       0       0       0       0       0       0       0       0       0       0
      Locals:         0       0       0       0       0       0       0       0       0       0       0       0       0       0       0       0
      Temps:          0       0       0       0       0       0       0       0       0       0       0       0       0       0       0       0
      Totals:         0       0       0       0       0       0       0       0       0       0       0       0       0       0       0       0
Total ram usage:        0 bytes
 Hardware stack levels used:    1
 Hardware stack levels required when called:    4
 This function calls:
		Nothing
 This function is called by:
		_initialisation
 This function uses a non-reentrant model


 *************** function ___lwtoft *****************
 Defined at:
		line 28 in file "/opt/microchip/xc8/v1.34/sources/common/lwtoft.c"
 Parameters:    Size  Location     Type
  c               2   22[BANK0 ] unsigned int 
 Auto vars:     Size  Location     Type
		None
 Return value:  Size  Location     Type
                  3   22[BANK0 ] float 
 Registers used:
		wreg, status,2, status,0, cstack
 Tracked objects:
		On entry : 
		On exit  : 
		Unchanged: 
 Data sizes:     COMRAM   BANK0   BANK1   BANK2   BANK3   BANK4   BANK5   BANK6   BANK7   BANK8   BANK9  BANK10  BANK11  BANK12  BANK13  BANK14
      Params:         0       3       0       0       0       0       0       0       0       0       0       0       0       0       0       0
      Locals:         0       0       0       0       0       0       0       0       0       0       0       0       0       0       0       0
      Temps:          0       0       0       0       0       0       0       0       0       0       0       0       0       0       0       0
      Totals:         0       3       0       0       0       0       0       0       0       0       0       0       0       0       0       0
Total ram usage:        3 bytes
 Hardware stack levels used:    1
 Hardware stack levels required when called:    5
 This function calls:
		___ftpack
 This function is called by:
		_main
 This function uses a non-reentrant model


 *************** function ___lbtoft *****************
 Defined at:
		line 27 in file "/opt/microchip/xc8/v1.34/sources/common/lbtoft.c"
 Parameters:    Size  Location     Type
  c               1    wreg     unsigned char 
 Auto vars:     Size  Location     Type
  c               1   32[COMRAM] unsigned char 
 Return value:  Size  Location     Type
                  3   22[BANK0 ] float 
 Registers used:
		wreg, status,2, status,0, cstack
 Tracked objects:
		On entry : 
		On exit  : 
		Unchanged: 
 Data sizes:     COMRAM   BANK0   BANK1   BANK2   BANK3   BANK4   BANK5   BANK6   BANK7   BANK8   BANK9  BANK10  BANK11  BANK12  BANK13  BANK14
      Params:         0       3       0       0       0       0       0       0       0       0       0       0       0       0       0       0
      Locals:         1       0       0       0       0       0       0       0       0       0       0       0       0       0       0       0
      Temps:          0       0       0       0       0       0       0       0       0       0       0       0       0       0       0       0
      Totals:         1       3       0       0       0       0       0       0       0       0       0       0       0       0       0       0
Total ram usage:        4 bytes
 Hardware stack levels used:    1
 Hardware stack levels required when called:    5
 This function calls:
		___ftpack
 This function is called by:
		_main
 This function uses a non-reentrant model


 *************** function ___fttol *****************
 Defined at:
		line 44 in file "/opt/microchip/xc8/v1.34/sources/common/fttol.c"
 Parameters:    Size  Location     Type
  f1              3   46[BANK0 ] float 
 Auto vars:     Size  Location     Type
  lval            4   56[BANK0 ] unsigned long 
  exp1            1   60[BANK0 ] unsigned char 
  sign1           1   55[BANK0 ] unsigned char 
 Return value:  Size  Location     Type
                  4   46[BANK0 ] long 
 Registers used:
		wreg, status,2, status,0
 Tracked objects:
		On entry : 
		On exit  : 
		Unchanged: 
 Data sizes:     COMRAM   BANK0   BANK1   BANK2   BANK3   BANK4   BANK5   BANK6   BANK7   BANK8   BANK9  BANK10  BANK11  BANK12  BANK13  BANK14
      Params:         0       4       0       0       0       0       0       0       0       0       0       0       0       0       0       0
      Locals:         0       6       0       0       0       0       0       0       0       0       0       0       0       0       0       0
      Temps:          0       5       0       0       0       0       0       0       0       0       0       0       0       0       0       0
      Totals:         0      15       0       0       0       0       0       0       0       0       0       0       0       0       0       0
Total ram usage:       15 bytes
 Hardware stack levels used:    1
 Hardware stack levels required when called:    4
 This function calls:
		Nothing
 This function is called by:
		_main
 This function uses a non-reentrant model


 *************** function ___ftmul *****************
 Defined at:
		line 62 in file "/opt/microchip/xc8/v1.34/sources/common/ftmul.c"
 Parameters:    Size  Location     Type
  f1              3   25[BANK0 ] float 
  f2              3   28[BANK0 ] float 
 Auto vars:     Size  Location     Type
  f3_as_produc    3   37[COMRAM] unsigned um
  sign            1   41[COMRAM] unsigned char 
  cntr            1   40[COMRAM] unsigned char 
  exp             1   36[COMRAM] unsigned char 
 Return value:  Size  Location     Type
                  3   25[BANK0 ] float 
 Registers used:
		wreg, status,2, status,0, cstack
 Tracked objects:
		On entry : 
		On exit  : 
		Unchanged: 
 Data sizes:     COMRAM   BANK0   BANK1   BANK2   BANK3   BANK4   BANK5   BANK6   BANK7   BANK8   BANK9  BANK10  BANK11  BANK12  BANK13  BANK14
      Params:         0       6       0       0       0       0       0       0       0       0       0       0       0       0       0       0
      Locals:         6       0       0       0       0       0       0       0       0       0       0       0       0       0       0       0
      Temps:          3       0       0       0       0       0       0       0       0       0       0       0       0       0       0       0
      Totals:         9       6       0       0       0       0       0       0       0       0       0       0       0       0       0       0
Total ram usage:       15 bytes
 Hardware stack levels used:    1
 Hardware stack levels required when called:    5
 This function calls:
		___ftpack
 This function is called by:
		_main
 This function uses a non-reentrant model


 *************** function ___ftdiv *****************
 Defined at:
		line 54 in file "/opt/microchip/xc8/v1.34/sources/common/ftdiv.c"
 Parameters:    Size  Location     Type
  f1              3   31[BANK0 ] float 
  f2              3   34[BANK0 ] float 
 Auto vars:     Size  Location     Type
  f3              3   41[BANK0 ] float 
  sign            1   45[BANK0 ] unsigned char 
  exp             1   44[BANK0 ] unsigned char 
  cntr            1   40[BANK0 ] unsigned char 
 Return value:  Size  Location     Type
                  3   31[BANK0 ] float 
 Registers used:
		wreg, status,2, status,0, cstack
 Tracked objects:
		On entry : 
		On exit  : 
		Unchanged: 
 Data sizes:     COMRAM   BANK0   BANK1   BANK2   BANK3   BANK4   BANK5   BANK6   BANK7   BANK8   BANK9  BANK10  BANK11  BANK12  BANK13  BANK14
      Params:         0       6       0       0       0       0       0       0       0       0       0       0       0       0       0       0
      Locals:         0       6       0       0       0       0       0       0       0       0       0       0       0       0       0       0
      Temps:          0       3       0       0       0       0       0       0       0       0       0       0       0       0       0       0
      Totals:         0      15       0       0       0       0       0       0       0       0       0       0       0       0       0       0
Total ram usage:       15 bytes
 Hardware stack levels used:    1
 Hardware stack levels required when called:    5
 This function calls:
		___ftpack
 This function is called by:
		_main
 This function uses a non-reentrant model


 *************** function ___ftpack *****************
 Defined at:
		line 62 in file "/opt/microchip/xc8/v1.34/sources/common/float.c"
 Parameters:    Size  Location     Type
  arg             3   17[BANK0 ] unsigned um
  exp             1   20[BANK0 ] unsigned char 
  sign            1   21[BANK0 ] unsigned char 
 Auto vars:     Size  Location     Type
		None
 Return value:  Size  Location     Type
                  3   17[BANK0 ] float 
 Registers used:
		wreg, status,2, status,0
 Tracked objects:
		On entry : 
		On exit  : 
		Unchanged: 
 Data sizes:     COMRAM   BANK0   BANK1   BANK2   BANK3   BANK4   BANK5   BANK6   BANK7   BANK8   BANK9  BANK10  BANK11  BANK12  BANK13  BANK14
      Params:         0       5       0       0       0       0       0       0       0       0       0       0       0       0       0       0
      Locals:         0       0       0       0       0       0       0       0       0       0       0       0       0       0       0       0
      Temps:          3       0       0       0       0       0       0       0       0       0       0       0       0       0       0       0
      Totals:         3       5       0       0       0       0       0       0       0       0       0       0       0       0       0       0
Total ram usage:        8 bytes
 Hardware stack levels used:    1
 Hardware stack levels required when called:    4
 This function calls:
		Nothing
 This function is called by:
		___ftdiv
		___ftmul
		___lbtoft
		___lwtoft
 This function uses a non-reentrant model


 *************** function _Timer0_ISR *****************
 Defined at:
		line 99 in file "main.c"
 Parameters:    Size  Location     Type
		None
 Auto vars:     Size  Location     Type
		None
 Return value:  Size  Location     Type
		None               void
 Registers used:
		status,2, status,0
 Tracked objects:
		On entry : 
		On exit  : 
		Unchanged: 
 Data sizes:     COMRAM   BANK0   BANK1   BANK2   BANK3   BANK4   BANK5   BANK6   BANK7   BANK8   BANK9  BANK10  BANK11  BANK12  BANK13  BANK14
      Params:         0       0       0       0       0       0       0       0       0       0       0       0       0       0       0       0
      Locals:         0       0       0       0       0       0       0       0       0       0       0       0       0       0       0       0
      Temps:          0      17       0       0       0       0       0       0       0       0       0       0       0       0       0       0
      Totals:         0      17       0       0       0       0       0       0       0       0       0       0       0       0       0       0
Total ram usage:       17 bytes
 Hardware stack levels used:    1
 Hardware stack levels required when called:    3
 This function calls:
		Nothing
 This function is called by:
		Interrupt level 1
 This function uses a non-reentrant model


 *************** function _RX2_ISR *****************
 Defined at:
		line 110 in file "main.c"
 Parameters:    Size  Location     Type
		None
 Auto vars:     Size  Location     Type
  input           2   27[COMRAM] unsigned char [2]
 Return value:  Size  Location     Type
		None               void
 Registers used:
		wreg, fsr2l, fsr2h, status,2, status,0, prodl, prodh, cstack
 Tracked objects:
		On entry : 
		On exit  : 
		Unchanged: 
 Data sizes:     COMRAM   BANK0   BANK1   BANK2   BANK3   BANK4   BANK5   BANK6   BANK7   BANK8   BANK9  BANK10  BANK11  BANK12  BANK13  BANK14
      Params:         0       0       0       0       0       0       0       0       0       0       0       0       0       0       0       0
      Locals:         2       0       0       0       0       0       0       0       0       0       0       0       0       0       0       0
      Temps:         14       0       0       0       0       0       0       0       0       0       0       0       0       0       0       0
      Totals:        16       0       0       0       0       0       0       0       0       0       0       0       0       0       0       0
Total ram usage:       16 bytes
 Hardware stack levels used:    1
 Hardware stack levels required when called:    2
 This function calls:
		_atoi
 This function is called by:
		Interrupt level 2
 This function uses a non-reentrant model


 *************** function _atoi *****************
 Defined at:
		line 5 in file "/opt/microchip/xc8/v1.34/sources/common/atoi.c"
 Parameters:    Size  Location     Type
  s               2    6[COMRAM] PTR const unsigned char 
		 -> RX2_ISR@buffer(16), 
 Auto vars:     Size  Location     Type
  a               2   11[COMRAM] int 
  sign            1   10[COMRAM] unsigned char 
 Return value:  Size  Location     Type
                  2    6[COMRAM] int 
 Registers used:
		wreg, fsr2l, fsr2h, status,2, status,0, prodl, prodh, cstack
 Tracked objects:
		On entry : 
		On exit  : 
		Unchanged: 
 Data sizes:     COMRAM   BANK0   BANK1   BANK2   BANK3   BANK4   BANK5   BANK6   BANK7   BANK8   BANK9  BANK10  BANK11  BANK12  BANK13  BANK14
      Params:         2       0       0       0       0       0       0       0       0       0       0       0       0       0       0       0
      Locals:         3       0       0       0       0       0       0       0       0       0       0       0       0       0       0       0
      Temps:          2       0       0       0       0       0       0       0       0       0       0       0       0       0       0       0
      Totals:         7       0       0       0       0       0       0       0       0       0       0       0       0       0       0       0
Total ram usage:        7 bytes
 Hardware stack levels used:    1
 Hardware stack levels required when called:    1
 This function calls:
		___wmul
		_isdigit
 This function is called by:
		_RX2_ISR
 This function uses a non-reentrant model


 *************** function _isdigit *****************
 Defined at:
		line 8 in file "/opt/microchip/xc8/v1.34/sources/common/isdigit.c"
 Parameters:    Size  Location     Type
  c               1    wreg     unsigned char 
 Auto vars:     Size  Location     Type
  c               1    2[COMRAM] unsigned char 
 Return value:  Size  Location     Type
		None               void
 Registers used:
		wreg, status,2, status,0
 Tracked objects:
		On entry : 
		On exit  : 
		Unchanged: 
 Data sizes:     COMRAM   BANK0   BANK1   BANK2   BANK3   BANK4   BANK5   BANK6   BANK7   BANK8   BANK9  BANK10  BANK11  BANK12  BANK13  BANK14
      Params:         0       0       0       0       0       0       0       0       0       0       0       0       0       0       0       0
      Locals:         2       0       0       0       0       0       0       0       0       0       0       0       0       0       0       0
      Temps:          1       0       0       0       0       0       0       0       0       0       0       0       0       0       0       0
      Totals:         3       0       0       0       0       0       0       0       0       0       0       0       0       0       0       0
Total ram usage:        3 bytes
 Hardware stack levels used:    1
 This function calls:
		Nothing
 This function is called by:
		_atoi
 This function uses a non-reentrant model


 *************** function ___wmul *****************
 Defined at:
		line 15 in file "/opt/microchip/xc8/v1.34/sources/common/Umul16.c"
 Parameters:    Size  Location     Type
  multiplier      2    0[COMRAM] unsigned int 
  multiplicand    2    2[COMRAM] unsigned int 
 Auto vars:     Size  Location     Type
  product         2    4[COMRAM] unsigned int 
 Return value:  Size  Location     Type
                  2    0[COMRAM] unsigned int 
 Registers used:
		wreg, status,2, status,0, prodl, prodh
 Tracked objects:
		On entry : 
		On exit  : 
		Unchanged: 
 Data sizes:     COMRAM   BANK0   BANK1   BANK2   BANK3   BANK4   BANK5   BANK6   BANK7   BANK8   BANK9  BANK10  BANK11  BANK12  BANK13  BANK14
      Params:         4       0       0       0       0       0       0       0       0       0       0       0       0       0       0       0
      Locals:         2       0       0       0       0       0       0       0       0       0       0       0       0       0       0       0
      Temps:          0       0       0       0       0       0       0       0       0       0       0       0       0       0       0       0
      Totals:         6       0       0       0       0       0       0       0       0       0       0       0       0       0       0       0
Total ram usage:        6 bytes
 Hardware stack levels used:    1
 This function calls:
		Nothing
 This function is called by:
		_atoi
 This function uses a non-reentrant model



MODULE INFORMATION

Module		Function		Class		Link	Load	Size
/opt/microchip/xc8/v1.34/sources/common/isdigit.c
		_isdigit       		CODE           	0E9A	0000	35

/opt/microchip/xc8/v1.34/sources/common/isdigit.c estimated size: 35

/opt/microchip/xc8/v1.34/sources/common/lbtoft.c
		___lbtoft      		CODE           	0E1E	0000	45

/opt/microchip/xc8/v1.34/sources/common/lbtoft.c estimated size: 45

/opt/microchip/xc8/v1.34/sources/common/float.c
		___ftpack      		CODE           	09D6	0000	265

/opt/microchip/xc8/v1.34/sources/common/float.c estimated size: 265

/opt/microchip/xc8/v1.34/sources/common/lwtoft.c
		___lwtoft      		CODE           	0DF2	0000	45

/opt/microchip/xc8/v1.34/sources/common/lwtoft.c estimated size: 45

/opt/microchip/xc8/v1.34/sources/common/atoi.c
		_atoi          		CODE           	0ADE	0000	213

/opt/microchip/xc8/v1.34/sources/common/atoi.c estimated size: 213

/opt/microchip/xc8/v1.34/sources/common/ftmul.c
		___ftmul       		CODE           	08A2	0000	309

/opt/microchip/xc8/v1.34/sources/common/ftmul.c estimated size: 309

/opt/microchip/xc8/v1.34/sources/common/Umul16.c
		___wmul        		CODE           	0E72	0000	41

/opt/microchip/xc8/v1.34/sources/common/Umul16.c estimated size: 41

shared
		__initializatio		CODE           	0DAC	0000	61

shared estimated size: 61

/opt/microchip/xc8/v1.34/sources/common/ftdiv.c
		___ftdiv       		CODE           	0750	0000	339

/opt/microchip/xc8/v1.34/sources/common/ftdiv.c estimated size: 339

/opt/microchip/xc8/v1.34/sources/common/awdiv.c
		___awdiv       		CODE           	0BB2	0000	185

/opt/microchip/xc8/v1.34/sources/common/awdiv.c estimated size: 185

converter.c
		_pwm           		CODE           	0C6A	0000	149

converter.c estimated size: 149

/opt/microchip/xc8/v1.34/sources/common/fttol.c
		___fttol       		CODE           	05FE	0000	339

/opt/microchip/xc8/v1.34/sources/common/fttol.c estimated size: 339

init.c
		_initialisation		CODE           	0EEE	0000	19
		_initTimer0    		CODE           	0ED8	0000	23
		_initPWM       		CODE           	0D5A	0000	83
		_initADC       		CODE           	0EBC	0000	29
		_initComms     		CODE           	0E4A	0000	41

init.c estimated size: 195

main.c
		_Timer0_ISR    		CODE           	0018	0000	153
		_main          		CODE           	00B4	0000	1013
		_RX2_ISR       		CODE           	0008	0000	359
		_readADC       		CODE           	0CFE	0000	93

main.c estimated size: 1618

